{
  "$type": "LibraryItemBookmarkDeletedEvent",
  "BookmarkId": "a8fd3845-7b54-4a72-a818-bb7af3c6d3cc",
  "Id": "00000000-0000-0000-0000-000000000000",
  "AggregateId": "47b04010-5bc0-410e-9803-f5d6f3c5badc",
  "CreatedTimeUtc": "2000-01-01T00:00:00Z",
  "LocalId": 1,
  "MachineName": "Cornelius"
}